[external.html]
[backblue.gif]
[fade.gif]
[index.html]
[www.wiserworld.in/feed/index.html]
[www.wiserworld.in/comments/feed/index.html]
[www.wiserworld.in/wp-includes/js/jquery/jquery.minaf6c.js]
[www.wiserworld.in/wp-json/index.html]
[www.wiserworld.in/xmlrpc0db0.php]
[www.wiserworld.in/wp-includes/wlwmanifest.xml]
[pagead2.googlesyndication.com/pagead/js/f.txt]
[www.wiserworld.in/wp-content/uploads/2020/09/Asset-1-10011-150x150.png]
[www.wiserworld.in/wp-content/uploads/2020/09/Asset-1-10011.png]
[www.wiserworld.in/wp-content/uploads/2020/09/cropped-Untitled-design2-2.jpg]
[www.wiserworld.in/index.html]
[www.wiserworld.in/wp-content/uploads/2020/09/cropped-Adobe_Post_20200914_1424200.592281818239676.png]
[www.wiserworld.in/wp-content/cache/autoptimize/css/autoptimize_f3614737eee9e6f892bbc90935223c20.css]
[www.wiserworld.in/page/2/index.html]
[www.wiserworld.in/work-with-us/index.html]
[www.wiserworld.in/write-for-us/index.html]
[www.wiserworld.in/privacy-policy/index.html]
[www.wiserworld.in/terms-conditions/index.html]
[www.wiserworld.in/category/regions/index.html]
[www.wiserworld.in/wp-content/uploads/2021/09/Picture1-min-1000x574.jpg]
[www.wiserworld.in/category/regions/africa/index.html]
[www.wiserworld.in/wp-content/uploads/2021/06/bloombergquint_2017-12_31090086-967a-42f4-b1d6-6de60e2e2f74_330e6091-a3d9-42dd-9dfb-3ae46918f229-1000x538.jpg]
[www.wiserworld.in/wp-content/uploads/2021/06/печать-199692573.jpg]
[www.wiserworld.in/wp-content/uploads/2021/05/financemodel22-e1622281638284.png]
[www.wiserworld.in/wp-content/uploads/2021/09/Picture1-min-150x150.jpg]
[www.wiserworld.in/wp-content/uploads/2021/06/bloombergquint_2017-12_31090086-967a-42f4-b1d6-6de60e2e2f74_330e6091-a3d9-42dd-9dfb-3ae46918f229-150x150.jpg]
[www.wiserworld.in/wp-content/uploads/2021/06/печать-199692573-150x150.jpg]
[www.wiserworld.in/wp-content/uploads/2021/05/financemodel22-150x150.png]
[www.wiserworld.in/wp-content/uploads/2021/05/WhatsApp-Image-2021-05-23-at-10.31.34-AM-min-150x150.jpg]
[www.wiserworld.in/wp-content/uploads/2021/05/image-150x150.jpg]
[www.wiserworld.in/wp-content/uploads/2021/05/National-Population-Policy-150x150.jpg]
[www.wiserworld.in/wp-content/uploads/2021/03/The-Mahatma-Gandhi-statue-which-was-unveiled-in-Parliament-Square-150x150.jpg]
[www.wiserworld.in/wp-content/uploads/2021/03/95874-min-150x150.jpg]
[www.wiserworld.in/wp-content/uploads/2021/03/WhatsApp-Image-2021-03-19-at-8.32.22-AM-min-150x150.jpg]
[www.wiserworld.in/wp-content/uploads/2021/09/Picture1-min-783x450.jpg]
[www.wiserworld.in/wp-content/uploads/2021/06/bloombergquint_2017-12_31090086-967a-42f4-b1d6-6de60e2e2f74_330e6091-a3d9-42dd-9dfb-3ae46918f229-783x450.jpg]
[www.wiserworld.in/wp-content/uploads/2021/06/печать-199692573-783x450.jpg]
[www.wiserworld.in/wp-content/uploads/2021/05/financemodel22-783x450.png]
[www.wiserworld.in/wp-content/uploads/2021/05/WhatsApp-Image-2021-05-23-at-10.31.34-AM-min-783x450.jpg]
[www.wiserworld.in/wp-content/uploads/2021/05/image-783x450.jpg]
[www.wiserworld.in/wp-content/uploads/2021/05/National-Population-Policy-783x445.jpg]
[www.wiserworld.in/wp-content/uploads/2021/03/The-Mahatma-Gandhi-statue-which-was-unveiled-in-Parliament-Square.jpg]
[www.wiserworld.in/wp-content/uploads/2021/03/95874-min-783x450.jpg]
[www.wiserworld.in/wp-content/uploads/2021/03/download-2-150x150.jpg]
[www.wiserworld.in/wp-content/uploads/2021/03/2943555-min-150x150.jpg]
[www.wiserworld.in/wp-content/uploads/2021/03/WhatsApp-Image-2021-03-19-at-8.32.22-AM-min-1000x574.jpg]
[www.wiserworld.in/wp-content/uploads/2021/03/WhatsApp-Image-2021-03-16-at-12.32.04-AM-min-1000x574.jpg]
[www.wiserworld.in/wp-content/uploads/2021/03/WhatsApp-Image-2021-03-06-at-2.36.14-PM-1-min-1000x574.jpg]
[www.wiserworld.in/wp-content/uploads/2021/02/Screenshot_2021-02-21-0-46897800-1491145440-0-32825900-1491145424-raj-1538-jpg-WEBP-Image-1155-×-548-pixels-min-1000x574.jpg]
[www.wiserworld.in/wp-content/uploads/2021/02/WhatsApp-Image-2021-02-14-at-2.29.39-PM-min-1000x574.jpg]
[www.wiserworld.in/wp-content/uploads/2021/02/1080px-BSE_building_at_Dalal_Street-min-1000x574.jpg]
[www.wiserworld.in/wp-content/uploads/2021/02/wallpaperflare.com_wallpaper-min-1000x574.jpg]
[www.wiserworld.in/wp-content/uploads/2021/01/Union-Budget-2021-22-16-October-general-budget-countdown-to-begin-india-hindi-news-1.jpg]
[www.wiserworld.in/wp-content/uploads/2021/01/WhatsApp-Image-2021-01-16-at-8.17.58-PM-1000x574.jpg]
[www.wiserworld.in/wp-content/uploads/2021/01/Funding_coins_181025.jpg]
[www.wiserworld.in/wp-content/uploads/2021/01/5f6e33361fbb1b0019638ad2-min-1-1000x574.jpg]
[www.wiserworld.in/wp-content/uploads/2020/12/GettyImages-1006219322-min-e1609493108881.jpg]
[www.wiserworld.in/wp-content/uploads/2021/02/05b8e7_1db2167996eb432c811ab59a013a6a0d_mv2-copy-150x150.jpg]
[www.wiserworld.in/wp-content/uploads/2020/10/Indias-Foreign-Policy-Weekly-Report-Edition-1-150x150.png]
[www.wiserworld.in/wp-content/uploads/2020/12/macron-prot-150x150.jpg]
[www.wiserworld.in/wp-content/uploads/2021/09/Picture1-min-1170x752.jpg]
[www.wiserworld.in/wp-content/uploads/2021/06/bloombergquint_2017-12_31090086-967a-42f4-b1d6-6de60e2e2f74_330e6091-a3d9-42dd-9dfb-3ae46918f229.jpg]
[www.wiserworld.in/wp-content/uploads/2021/05/WhatsApp-Image-2021-05-23-at-10.31.34-AM-min-1170x657.jpg]
[www.wiserworld.in/wp-content/uploads/2021/05/image.jpg]
[www.wiserworld.in/wp-content/uploads/2021/05/National-Population-Policy.jpg]
[www.wiserworld.in/wp-content/uploads/2021/03/95874-min-1170x780.jpg]
[www.wiserworld.in/wp-content/uploads/2021/03/WhatsApp-Image-2021-03-19-at-8.32.22-AM-min-1170x687.jpg]
[www.wiserworld.in/category/regions/asia/index.html]
[app.convertful.com/Convertful8bd8.js]
[platform.twitter.com/widgets.js]
[www.wiserworld.in/wp-includes/js/jquery/jqueryaf6c.js]
[www.wiserworld.in/wp-includes/js/jquery/jquery-migrate.min080f.js]
[www.wiserworld.in/wp-content/cache/autoptimize/js/autoptimize_6e1976d47df801f6d7922faaf3233fd7.js]
[www.wiserworld.in/wp-content/plugins/themeisle-companion/obfx_modules/gutenberg-blocks/assets/fontawesome/webfonts/fa-brands-400.eot]
[www.wiserworld.in/wp-content/plugins/testimonial-free/public/assets/fonts/fontawesome-webfont5b62.eot]
[www.wiserworld.in/wp-content/themes/refined-magazine/candidthemes/assets/framework/Font-Awesome/fonts/fontawesome-webfont3e6e.eot]
[www.wiserworld.in/wp-content/themes/refined-magazine/candidthemes/assets/framework/slick/ajax-loader.gif]
[www.wiserworld.in/wp-content/uploads/2021/03/WhatsApp-Image-2021-03-16-at-12.32.04-AM-min-1170x658.jpg]
[www.wiserworld.in/wp-content/uploads/2021/03/download-2-1170x614.jpg]
[www.wiserworld.in/wp-content/uploads/2021/03/WhatsApp-Image-2021-03-06-at-2.36.14-PM-1-min-1170x657.jpg]
[www.wiserworld.in/wp-content/uploads/2020/11/armenian-soldiers1.jpg]
[www.wiserworld.in/wp-content/uploads/2021/03/download-1-1170x463.jpg]
[www.wiserworld.in/wp-content/uploads/2021/03/2943555-min.jpg]
[www.wiserworld.in/wp-content/uploads/2021/02/menstrual-cup-1170x658.jpg]
[www.wiserworld.in/wp-content/uploads/2021/02/WhatsApp-Image-2021-02-27-at-2.33.36-PM-min-1170x658.jpg]
[www.wiserworld.in/wp-content/uploads/2021/02/05b8e7_1db2167996eb432c811ab59a013a6a0d_mv2-copy.jpg]
[www.wiserworld.in/wp-content/uploads/2021/02/wallpaperflare.com_wallpaper3-min-1170x780.jpg]
[www.wiserworld.in/wp-content/uploads/2021/02/Screenshot_2021-02-21-0-46897800-1491145440-0-32825900-1491145424-raj-1538-jpg-WEBP-Image-1155-×-548-pixels-min-1170x555.jpg]
[www.wiserworld.in/wp-json/wp/v2/pages/1260.json]
[www.wiserworld.in/wp-json/oembed/1.0/embed95a3.json]
[www.wiserworld.in/wp-json/oembed/1.0/embed78c8]
[www.wiserworld.in/wp-content/uploads/2020/04/teamwork-quotes.png]
[www.wiserworld.in/wp-json/wp/v2/pages/3324.json]
[www.wiserworld.in/wp-json/oembed/1.0/embed4fcb.json]
[www.wiserworld.in/wp-json/oembed/1.0/embed1c9f]
[www.wiserworld.in/wp-json/wp/v2/pages/1258.json]
[www.wiserworld.in/wp-json/oembed/1.0/embed7585.json]
[www.wiserworld.in/wp-json/oembed/1.0/embedcd40]
[www.wiserworld.in/wp-json/wp/v2/pages/1259.json]
[www.wiserworld.in/wp-json/oembed/1.0/embed0c0f.json]
[www.wiserworld.in/wp-json/oembed/1.0/embed4721]
[www.wiserworld.in/category/regions/feed/index.html]
[www.wiserworld.in/wp-json/wp/v2/categories/961.json]
[www.wiserworld.in/wp-content/uploads/2021/02/Screenshot_2021-02-20-AP20237553374361-webp-WEBP-Image-1280-×-720-pixels-min-1170x658.jpg]
[www.wiserworld.in/wp-content/uploads/2021/02/WhatsApp-Image-2021-02-14-at-2.29.39-PM-min-1170x658.jpg]
[www.wiserworld.in/category/regions/africa/feed/index.html]
[www.wiserworld.in/wp-json/wp/v2/categories/962.json]
[www.wiserworld.in/wp-content/uploads/2020/11/maxresdefault-1170x658.jpg]
[www.wiserworld.in/wp-content/uploads/2020/09/gettyimages-1052115454-min-1170x781.jpg]
[www.wiserworld.in/wp-content/uploads/2020/08/WhatsApp-Image-2020-08-09-at-12.31.58-AM-min.jpg]
[www.wiserworld.in/wp-content/uploads/2020/08/WhatsApp-Image-2020-08-09-at-2.06.46-AM.jpg]
[www.wiserworld.in/wp-content/uploads/2020/07/Uncovering_hidden_investment_opportunities_in_Africa_536_1536_Original1-min.jpg]
[www.wiserworld.in/category/regions/asia/feed/index.html]
[www.wiserworld.in/wp-json/wp/v2/categories/963.json]
[www.wiserworld.in/wp-content/uploads/2021/02/DSC_180206_173139-akihabara.-Electric-Town-ps-min-1170x779.jpg]
[www.wiserworld.in/wp-content/uploads/2021/01/wallpaperflare-cropped-min-1170x729.jpg]
[www.wiserworld.in/wp-content/uploads/2020/11/Img1-22-min-1170x661.jpg]
[www.wiserworld.in/wp-content/uploads/2020/10/WhatsApp-Image-2020-10-25-at-7.59.00-PM-1170x658.jpg]
[www.wiserworld.in/wp-content/uploads/2020/08/fff.jpg]
[www.wiserworld.in/wp-content/uploads/2020/08/Indian-Workers.jpg]
[www.wiserworld.in/category/regions/europe/index.html]
[www.wiserworld.in/wp-content/uploads/2020/07/merlin_173429814_928c112a-c112-47cf-b0a4-843ba43c95d0-articleLarge-min.jpg]
[www.wiserworld.in/category/regions/europe/feed/index.html]
[www.wiserworld.in/wp-json/wp/v2/categories/964.json]
[www.wiserworld.in/wp-content/uploads/2021/01/94851_20201220BOSNIAELECTIONMOSTARVOTINGREUTERS_1608525915576.jpg]
[www.wiserworld.in/wp-content/uploads/2021/01/Giuseppe_Conte_in_2020.jpg]
[www.wiserworld.in/wp-content/uploads/2021/01/brexit.jpg]
[www.wiserworld.in/wp-content/uploads/2020/12/WhatsApp-Image-2020-12-28-at-1.07.48-PM-1170x658.jpg]
[www.wiserworld.in/wp-content/uploads/2020/12/macron-prot.jpg]
[www.wiserworld.in/wp-content/uploads/2020/11/Screenshot_2020-11-18-gettyimages-887614726-jpg-WEBP-Image-1538-×-1024-pixels-Scaled-73-1170x658.jpg]
[www.wiserworld.in/wp-content/uploads/2020/11/Screenshot_2020-11-15-461178698-jpg-WEBP-Image-1536-×-1022-pixels-Scaled-73-compressed-1170x659.jpg]
[www.wiserworld.in/wp-json/wp/v2/categories/980.json]
[www.wiserworld.in/wp-content/uploads/2021/02/1080px-BSE_building_at_Dalal_Street-min.jpg]
[www.wiserworld.in/author/indrakshi/index.html]
[www.wiserworld.in/wp-content/uploads/2021/01/WhatsApp-Image-2021-01-16-at-8.17.58-PM-1170x688.jpg]
[www.wiserworld.in/wp-content/uploads/2020/12/Govt-promoting-local-domestic-tourism-through-print-social-media-exhibitions-MoS-Patel-min-e1609493243595-1170x708.jpg]
[www.wiserworld.in/category/regions/indian-subcontinent/feed/index.html]
[www.wiserworld.in/wp-content/uploads/2020/12/WhatsApp-Image-2020-12-03-at-1.17.22-AM-min-1170x658.jpg]
[www.wiserworld.in/wp-content/uploads/2020/11/WhatsApp-Image-2020-11-07-at-7.23.29-PM-1170x658.jpg]
[www.wiserworld.in/wp-content/uploads/2020/10/WhatsApp-Image-2020-10-30-at-9.53.57-AM-1170x780.jpg]
[www.wiserworld.in/category/regions/indian-subcontinent/index.html]
[www.wiserworld.in/wp-json/wp/v2/categories/967.json]
[www.wiserworld.in/category/regions/middle-east/feed/index.html]
[www.wiserworld.in/wp-content/uploads/2021/01/WhatsApp-Image-2021-01-22-at-12.40.49-AM-min-1170x657.jpg]
[www.wiserworld.in/wp-content/uploads/2020/09/05aramcoIPO-superJumbo-min-1170x659.jpg]
[www.wiserworld.in/wp-content/uploads/2020/09/image-11.png]
[www.wiserworld.in/wp-content/uploads/2020/09/B3-AA668_ISPAL_M_20180412134543.jpg]
[www.wiserworld.in/wp-content/uploads/2020/08/lebanon2-min.jpg]
[www.wiserworld.in/wp-content/uploads/2020/08/9756c45470f745e58d1a2a202319b593_18-min.jpg]
[www.wiserworld.in/wp-content/uploads/2020/08/Screenshot_2020-08-10-000_1WA4BE-scaled-jpg-WEBP-Image-1200-×-734-pixels-min.jpg]
[www.wiserworld.in/category/regions/middle-east/index.html]
[www.wiserworld.in/wp-json/wp/v2/categories/965.json]
[www.wiserworld.in/category/regions/the-pacific-east-and-southeast-asia/feed/index.html]
[www.wiserworld.in/wp-content/uploads/2020/12/WhatsApp-Image-2020-12-05-at-5.56.45-PM-1170x658.jpg]
[www.wiserworld.in/wp-content/uploads/2020/10/ChinaPakistan-min-1170x658.jpg]
[www.wiserworld.in/wp-content/uploads/2020/10/Screenshot_2020-10-03-japan-vs-korea-jpg-WEBP-Image-2000-×-1333-pixels-Scaled-56-1170x659.jpg]
[www.wiserworld.in/wp-content/uploads/2020/08/japan_police_jail_break_01-13-12-min.jpg]
[www.wiserworld.in/wp-content/uploads/2020/08/jangsari1-min.jpg]
[www.wiserworld.in/wp-content/uploads/2020/08/WhatsApp-Image-2020-08-12-at-1.45.34-AM-min.jpg]
[www.wiserworld.in/wp-content/uploads/2020/08/WhatsApp-Image-2020-08-08-at-12.35.32-AM.jpg]
[www.wiserworld.in/wp-content/uploads/2020/08/WhatsApp-Image-2020-08-07-at-11.56.46-PM-min-min.jpg]
[www.wiserworld.in/wp-content/uploads/2020/08/Image-3.jpg]
[www.wiserworld.in/author/atlanta/index.html]
[www.wiserworld.in/category/regions/the-pacific-east-and-southeast-asia/index.html]
[www.wiserworld.in/wp-json/wp/v2/categories/966.json]
[www.wiserworld.in/category/regions/usa-and-canada/feed/index.html]
[www.wiserworld.in/wp-content/uploads/2021/02/wallpaperflare.com_wallpaper-min-1170x780.jpg]
[www.wiserworld.in/wp-content/uploads/2020/08/Venezuela-min.jpg]
[www.wiserworld.in/wp-content/uploads/2020/07/chris-hardy-aOpiHnxd_FQ-unsplash-min-min-scaled.jpg]
[www.wiserworld.in/wp-content/uploads/2020/07/3nm4df6-e1490741358644.jpg]
[www.wiserworld.in/venezuela-crisis-explained/index.html]
[www.wiserworld.in/category/regions/usa-and-canada/index.html]
[www.wiserworld.in/category/regions/world/feed/index.html]
[www.wiserworld.in/wp-json/wp/v2/categories/968.json]
[www.wiserworld.in/wp-content/uploads/2020/10/Image-2-1.jpg]
[www.wiserworld.in/wp-content/uploads/2020/09/WhatsApp-Image-2020-09-04-at-2.39.26-PM-min.jpg]
[www.wiserworld.in/wp-content/uploads/2020/08/WhatsApp-Image-2020-08-10-at-1.08.43-AM-min.jpg]
[www.wiserworld.in/wp-content/uploads/2020/07/thumbs_b_c_98db087203b420bee7fe87244f4fdaa9.jpg]
[www.wiserworld.in/wp-content/uploads/2020/07/morning-brew-cjiC1fTHO0g-unsplash-min-scaled.jpg]
[www.wiserworld.in/wp-content/uploads/2020/07/md-mahdi-Acmjk3M5CX0-unsplash-min-scaled.82.delayed]
[www.wiserworld.in/wp-content/uploads/2020/07/30577230815_5931870565_k-1024x682-min.jpg]
[www.wiserworld.in/wp-content/uploads/2020/07/featured-image-index_2.jpg]
[www.wiserworld.in/wp-content/uploads/2020/06/Screenshot-2020-06-09-at-22.10.04-min.png]
[www.wiserworld.in/wp-content/uploads/2020/04/istock_000022336495_medium.86.delayed]
[www.wiserworld.in/category/regions/world/index.html]
[www.wiserworld.in/wp-json/wp/v2/categories/969.json]
[www.wiserworld.in/category/topics/index.html]
[www.wiserworld.in/category/topics/feed/index.html]
[www.wiserworld.in/wp-json/wp/v2/categories/983.92.delayed]
[www.wiserworld.in/wp-content/uploads/2020/12/handicrafts-1595258722842-min.png]
[www.wiserworld.in/wp-content/uploads/2020/09/WhatsApp-Image-2020-09-19-at-10.17.57-PM-min-1170x658.jpg]
[www.wiserworld.in/wp-content/uploads/2020/08/Assam-Farmers-Credit-Subsidy-Scheme-min.jpg]
[www.wiserworld.in/wp-content/uploads/2020/08/suta-indian-artisans-min.jpg]
[www.wiserworld.in/category/topics/art-culture/feed/index.html]
[www.wiserworld.in/wp-content/cache/autoptimize/css/autoptimize_single_05f5799e563d2d458908ce1e31790f1b694e.css]
[www.wiserworld.in/category/topics/art-culture/index.html]
[www.wiserworld.in/wp-json/wp/v2/categories/191.json]
[www.wiserworld.in/wp-content/uploads/2021/02/878660-vmemowfzip-1526031754-min.jpg]
[www.wiserworld.in/wp-content/uploads/2021/01/WhatsApp-Image-2021-01-08-at-3.40.33-PM-min-1170x658.jpg]
[www.wiserworld.in/wp-content/uploads/2020/09/image-3.png]
[www.wiserworld.in/wp-content/uploads/2020/08/1-9.9f.delayed]
[www.wiserworld.in/category/topics/climate-and-environment/feed/index.html]
[www.wiserworld.in/wp-content/uploads/2020/07/WhatsApp-Image-2020-07-26-at-12.31.54-PM-min.jpg]
[www.wiserworld.in/wp-content/uploads/2020/07/aetbzsfgbzdgbzfsgb-min.jpg]
[www.wiserworld.in/wp-content/uploads/2020/05/Screenshot-2020-05-28-at-12.30.13.png]
[www.wiserworld.in/wp-content/uploads/2020/05/large_1dROXMyqdzYEIUsS5ZtO_kcr6JGpVNvLiLGe7OvuI0o-min.jpg]
[www.wiserworld.in/wp-content/uploads/2020/04/5e5bb2e0fee23d79fe1f0553.jpg]
